// Jest Snapshot v1, https://goo.gl/fbAQLP

exports[`App should render without crashing 1`] = `
<DocumentFragment>
  <h1>
    SPOTIMY
  </h1>
</DocumentFragment>
`;
